PASSED_COUNT=11
PASS:Connectsei_Register_Page_UI_And_Functional_Check
PASS:Connectsei_Forgot_Password_Field_UI_And_Functional_Check
PASS:Connectsei_Notification_And_Home_Page_UI_And_Functional_Check
PASS:TC01_Registeration
PASS:TC_04_Check_Homepage_Notification_and_Myorderpage
PASS:TC_07_Delete_Connectsei_and_Proserv_Accounts
PASS:TC_05_ProfilePage_Functionality
PASS:TC_06_Booking_Confirmation_Completion_and_Payment_Flow
PASS:Connectsei_Login_Page_UI_And_Functional_Check
PASS:TC_03_ForgetPassword_functionality
PASS:TC02_Login_functionality
FAILED_COUNT=1
FAIL:Connectsei_Profile_Page_UI_And_Functional_Check
SKIPPED_COUNT=0
